Connecting to host 192.168.131.140, port 5201
[  4] local 192.168.131.141 port 41162 connected to 192.168.131.140 port 5201
[ ID] Interval           Transfer     Bandwidth       Retr  Cwnd
[  4]   0.00-1.00   sec   211 MBytes  1.77 Gbits/sec  139    342 KBytes
[  4]   1.00-2.00   sec   168 MBytes  1.41 Gbits/sec    0    387 KBytes
[  4]   2.00-3.00   sec   162 MBytes  1.36 Gbits/sec    0    393 KBytes
[  4]   3.00-4.00   sec   162 MBytes  1.36 Gbits/sec    0    393 KBytes
[  4]   4.00-5.00   sec   160 MBytes  1.34 Gbits/sec    0    393 KBytes
[  4]   5.00-6.00   sec   154 MBytes  1.29 Gbits/sec    0    397 KBytes
[  4]   6.00-7.00   sec   155 MBytes  1.30 Gbits/sec    0    404 KBytes
[  4]   7.00-8.00   sec   164 MBytes  1.38 Gbits/sec    0    406 KBytes
[  4]   8.00-9.00   sec   172 MBytes  1.44 Gbits/sec    0    409 KBytes
[  4]   9.00-10.00  sec   162 MBytes  1.36 Gbits/sec    0    411 KBytes
- - - - - - - - - - - - - - - - - - - - - - - - -
[ ID] Interval           Transfer     Bandwidth       Retr
[  4]   0.00-10.00  sec  1.63 GBytes  1.40 Gbits/sec  139             sender
[  4]   0.00-10.00  sec  1.63 GBytes  1.40 Gbits/sec                  receiver

iperf Done.
Connecting to host 192.168.131.140, port 5201
[  4] local 192.168.131.141 port 41188 connected to 192.168.131.140 port 5201
[ ID] Interval           Transfer     Bandwidth       Retr  Cwnd
[  4]   0.00-1.00   sec   220 MBytes  1.85 Gbits/sec  152    361 KBytes
[  4]   1.00-2.00   sec   153 MBytes  1.28 Gbits/sec    0    373 KBytes
[  4]   2.00-3.00   sec   157 MBytes  1.32 Gbits/sec    0    379 KBytes
[  4]   3.00-4.00   sec   158 MBytes  1.32 Gbits/sec    0    379 KBytes
[  4]   4.00-5.00   sec   176 MBytes  1.48 Gbits/sec    0    379 KBytes
[  4]   5.00-6.00   sec   167 MBytes  1.40 Gbits/sec    0    387 KBytes
[  4]   6.00-7.00   sec   166 MBytes  1.39 Gbits/sec    0    390 KBytes
[  4]   7.00-8.00   sec   165 MBytes  1.38 Gbits/sec    0    393 KBytes
[  4]   8.00-9.00   sec   170 MBytes  1.42 Gbits/sec    0    393 KBytes
[  4]   9.00-10.00  sec   168 MBytes  1.41 Gbits/sec    0    409 KBytes
- - - - - - - - - - - - - - - - - - - - - - - - -
[ ID] Interval           Transfer     Bandwidth       Retr
[  4]   0.00-10.00  sec  1.66 GBytes  1.42 Gbits/sec  152             sender
[  4]   0.00-10.00  sec  1.66 GBytes  1.42 Gbits/sec                  receiver

iperf Done.
